[2023-10-30T14:26:27.220-0300][gc,heap] Heap region size: 1M
[2023-10-30T14:26:27.228-0300][gc     ] Using G1
[2023-10-30T14:26:27.228-0300][gc,heap,coops] Heap address: 0x00000000c0000000, size: 1024 MB, Compressed Oops mode: 32-bit
[2023-10-30T14:26:27.228-0300][gc,cds       ] Mark closed archive regions in map: [0x00000000fff00000, 0x00000000fff6aff8]
[2023-10-30T14:26:27.228-0300][gc,cds       ] Mark open archive regions in map: [0x00000000ffe00000, 0x00000000ffe46ff8]
[2023-10-30T14:26:28.415-0300][gc,start     ] GC(0) Pause Young (Normal) (G1 Evacuation Pause)
[2023-10-30T14:26:28.416-0300][gc,task      ] GC(0) Using 8 workers of 8 for evacuation
[2023-10-30T14:26:28.425-0300][gc,phases    ] GC(0)   Pre Evacuate Collection Set: 0,0ms
[2023-10-30T14:26:28.425-0300][gc,phases    ] GC(0)   Evacuate Collection Set: 7,8ms
[2023-10-30T14:26:28.425-0300][gc,phases    ] GC(0)   Post Evacuate Collection Set: 0,5ms
[2023-10-30T14:26:28.425-0300][gc,phases    ] GC(0)   Other: 1,4ms
[2023-10-30T14:26:28.425-0300][gc,heap      ] GC(0) Eden regions: 51->0(44)
[2023-10-30T14:26:28.425-0300][gc,heap      ] GC(0) Survivor regions: 0->7(7)
[2023-10-30T14:26:28.425-0300][gc,heap      ] GC(0) Old regions: 2->3
[2023-10-30T14:26:28.425-0300][gc,heap      ] GC(0) Humongous regions: 0->0
[2023-10-30T14:26:28.425-0300][gc,metaspace ] GC(0) Metaspace: 14143K(14848K)->14143K(14848K) NonClass: 12408K(12800K)->12408K(12800K) Class: 1734K(2048K)->1734K(2048K)
[2023-10-30T14:26:28.425-0300][gc           ] GC(0) Pause Young (Normal) (G1 Evacuation Pause) 51M->7M(1024M) 10,207ms
[2023-10-30T14:26:28.425-0300][gc,cpu       ] GC(0) User=0,05s Sys=0,00s Real=0,01s
[2023-10-30T14:26:28.838-0300][gc,start     ] GC(1) Pause Young (Concurrent Start) (Metadata GC Threshold)
[2023-10-30T14:26:28.838-0300][gc,task      ] GC(1) Using 8 workers of 8 for evacuation
[2023-10-30T14:26:28.846-0300][gc,phases    ] GC(1)   Pre Evacuate Collection Set: 0,1ms
[2023-10-30T14:26:28.846-0300][gc,phases    ] GC(1)   Evacuate Collection Set: 6,6ms
[2023-10-30T14:26:28.846-0300][gc,phases    ] GC(1)   Post Evacuate Collection Set: 0,4ms
[2023-10-30T14:26:28.846-0300][gc,phases    ] GC(1)   Other: 0,3ms
[2023-10-30T14:26:28.846-0300][gc,heap      ] GC(1) Eden regions: 31->0(49)
[2023-10-30T14:26:28.846-0300][gc,heap      ] GC(1) Survivor regions: 7->2(7)
[2023-10-30T14:26:28.846-0300][gc,heap      ] GC(1) Old regions: 3->9
[2023-10-30T14:26:28.846-0300][gc,heap      ] GC(1) Humongous regions: 0->0
[2023-10-30T14:26:28.846-0300][gc,metaspace ] GC(1) Metaspace: 20585K(21248K)->20585K(21248K) NonClass: 18091K(18432K)->18091K(18432K) Class: 2493K(2816K)->2493K(2816K)
[2023-10-30T14:26:28.846-0300][gc           ] GC(1) Pause Young (Concurrent Start) (Metadata GC Threshold) 38M->8M(1024M) 7,511ms
[2023-10-30T14:26:28.846-0300][gc,cpu       ] GC(1) User=0,02s Sys=0,01s Real=0,00s
[2023-10-30T14:26:28.846-0300][gc           ] GC(2) Concurrent Cycle
[2023-10-30T14:26:28.846-0300][gc,marking   ] GC(2) Concurrent Clear Claimed Marks
[2023-10-30T14:26:28.846-0300][gc,marking   ] GC(2) Concurrent Clear Claimed Marks 0,070ms
[2023-10-30T14:26:28.846-0300][gc,marking   ] GC(2) Concurrent Scan Root Regions
[2023-10-30T14:26:28.847-0300][gc,marking   ] GC(2) Concurrent Scan Root Regions 0,780ms
[2023-10-30T14:26:28.847-0300][gc,marking   ] GC(2) Concurrent Mark (1,630s)
[2023-10-30T14:26:28.847-0300][gc,marking   ] GC(2) Concurrent Mark From Roots
[2023-10-30T14:26:28.847-0300][gc,task      ] GC(2) Using 2 workers of 2 for marking
[2023-10-30T14:26:28.850-0300][gc,marking   ] GC(2) Concurrent Mark From Roots 3,408ms
[2023-10-30T14:26:28.850-0300][gc,marking   ] GC(2) Concurrent Preclean
[2023-10-30T14:26:28.850-0300][gc,marking   ] GC(2) Concurrent Preclean 0,094ms
[2023-10-30T14:26:28.850-0300][gc,marking   ] GC(2) Concurrent Mark (1,630s, 1,634s) 3,563ms
[2023-10-30T14:26:28.851-0300][gc,start     ] GC(2) Pause Remark
[2023-10-30T14:26:28.853-0300][gc,stringtable] GC(2) Cleaned string and symbol table, strings: 5171 processed, 0 removed, symbols: 53611 processed, 43 removed
[2023-10-30T14:26:28.853-0300][gc            ] GC(2) Pause Remark 9M->9M(1024M) 2,303ms
[2023-10-30T14:26:28.853-0300][gc,cpu        ] GC(2) User=0,01s Sys=0,00s Real=0,00s
[2023-10-30T14:26:28.853-0300][gc,marking    ] GC(2) Concurrent Rebuild Remembered Sets
[2023-10-30T14:26:28.855-0300][gc,marking    ] GC(2) Concurrent Rebuild Remembered Sets 1,881ms
[2023-10-30T14:26:28.855-0300][gc,start      ] GC(2) Pause Cleanup
[2023-10-30T14:26:28.855-0300][gc            ] GC(2) Pause Cleanup 9M->9M(1024M) 0,204ms
[2023-10-30T14:26:28.855-0300][gc,cpu        ] GC(2) User=0,00s Sys=0,00s Real=0,00s
[2023-10-30T14:26:28.855-0300][gc,marking    ] GC(2) Concurrent Cleanup for Next Mark
[2023-10-30T14:26:28.859-0300][gc,marking    ] GC(2) Concurrent Cleanup for Next Mark 3,920ms
[2023-10-30T14:26:28.859-0300][gc            ] GC(2) Concurrent Cycle 13,443ms
[2023-10-30T14:26:29.411-0300][gc,start      ] GC(3) Pause Young (Normal) (G1 Evacuation Pause)
[2023-10-30T14:26:29.411-0300][gc,task       ] GC(3) Using 8 workers of 8 for evacuation
[2023-10-30T14:26:29.415-0300][gc,phases     ] GC(3)   Pre Evacuate Collection Set: 0,0ms
[2023-10-30T14:26:29.415-0300][gc,phases     ] GC(3)   Evacuate Collection Set: 2,7ms
[2023-10-30T14:26:29.415-0300][gc,phases     ] GC(3)   Post Evacuate Collection Set: 0,5ms
[2023-10-30T14:26:29.415-0300][gc,phases     ] GC(3)   Other: 0,2ms
[2023-10-30T14:26:29.415-0300][gc,heap       ] GC(3) Eden regions: 49->0(46)
[2023-10-30T14:26:29.415-0300][gc,heap       ] GC(3) Survivor regions: 2->5(7)
[2023-10-30T14:26:29.415-0300][gc,heap       ] GC(3) Old regions: 9->9
[2023-10-30T14:26:29.415-0300][gc,heap       ] GC(3) Humongous regions: 129->129
[2023-10-30T14:26:29.415-0300][gc,metaspace  ] GC(3) Metaspace: 28832K(30080K)->28832K(30080K) NonClass: 25438K(26112K)->25438K(26112K) Class: 3393K(3968K)->3393K(3968K)
[2023-10-30T14:26:29.415-0300][gc            ] GC(3) Pause Young (Normal) (G1 Evacuation Pause) 186M->140M(1024M) 3,486ms
[2023-10-30T14:26:29.415-0300][gc,cpu        ] GC(3) User=0,02s Sys=0,00s Real=0,00s
[2023-10-30T14:26:29.712-0300][gc,start      ] GC(4) Pause Young (Concurrent Start) (Metadata GC Threshold)
[2023-10-30T14:26:29.712-0300][gc,task       ] GC(4) Using 8 workers of 8 for evacuation
[2023-10-30T14:26:29.718-0300][gc,phases     ] GC(4)   Pre Evacuate Collection Set: 0,2ms
[2023-10-30T14:26:29.718-0300][gc,phases     ] GC(4)   Evacuate Collection Set: 5,5ms
[2023-10-30T14:26:29.718-0300][gc,phases     ] GC(4)   Post Evacuate Collection Set: 0,5ms
[2023-10-30T14:26:29.718-0300][gc,phases     ] GC(4)   Other: 0,3ms
[2023-10-30T14:26:29.718-0300][gc,heap       ] GC(4) Eden regions: 30->0(45)
[2023-10-30T14:26:29.718-0300][gc,heap       ] GC(4) Survivor regions: 5->6(7)
[2023-10-30T14:26:29.718-0300][gc,heap       ] GC(4) Old regions: 9->10
[2023-10-30T14:26:29.718-0300][gc,heap       ] GC(4) Humongous regions: 129->129
[2023-10-30T14:26:29.718-0300][gc,metaspace  ] GC(4) Metaspace: 34516K(35840K)->34516K(35840K) NonClass: 30509K(31232K)->30509K(31232K) Class: 4006K(4608K)->4006K(4608K)
[2023-10-30T14:26:29.718-0300][gc            ] GC(4) Pause Young (Concurrent Start) (Metadata GC Threshold) 170M->143M(1024M) 6,596ms
[2023-10-30T14:26:29.718-0300][gc,cpu        ] GC(4) User=0,02s Sys=0,01s Real=0,01s
[2023-10-30T14:26:29.718-0300][gc            ] GC(5) Concurrent Cycle
[2023-10-30T14:26:29.718-0300][gc,marking    ] GC(5) Concurrent Clear Claimed Marks
[2023-10-30T14:26:29.718-0300][gc,marking    ] GC(5) Concurrent Clear Claimed Marks 0,202ms
[2023-10-30T14:26:29.718-0300][gc,marking    ] GC(5) Concurrent Scan Root Regions
[2023-10-30T14:26:29.720-0300][gc,marking    ] GC(5) Concurrent Scan Root Regions 1,973ms
[2023-10-30T14:26:29.720-0300][gc,marking    ] GC(5) Concurrent Mark (2,504s)
[2023-10-30T14:26:29.720-0300][gc,marking    ] GC(5) Concurrent Mark From Roots
[2023-10-30T14:26:29.720-0300][gc,task       ] GC(5) Using 2 workers of 2 for marking
[2023-10-30T14:26:29.725-0300][gc,marking    ] GC(5) Concurrent Mark From Roots 4,601ms
[2023-10-30T14:26:29.725-0300][gc,marking    ] GC(5) Concurrent Preclean
[2023-10-30T14:26:29.725-0300][gc,marking    ] GC(5) Concurrent Preclean 0,137ms
[2023-10-30T14:26:29.725-0300][gc,marking    ] GC(5) Concurrent Mark (2,504s, 2,509s) 4,821ms
[2023-10-30T14:26:29.725-0300][gc,start      ] GC(5) Pause Remark
[2023-10-30T14:26:29.728-0300][gc,stringtable] GC(5) Cleaned string and symbol table, strings: 10452 processed, 13 removed, symbols: 87272 processed, 15 removed
[2023-10-30T14:26:29.728-0300][gc            ] GC(5) Pause Remark 143M->143M(1024M) 2,407ms
[2023-10-30T14:26:29.728-0300][gc,cpu        ] GC(5) User=0,02s Sys=0,00s Real=0,00s
[2023-10-30T14:26:29.728-0300][gc,marking    ] GC(5) Concurrent Rebuild Remembered Sets
[2023-10-30T14:26:29.732-0300][gc,marking    ] GC(5) Concurrent Rebuild Remembered Sets 3,671ms
[2023-10-30T14:26:29.732-0300][gc,start      ] GC(5) Pause Cleanup
[2023-10-30T14:26:29.732-0300][gc            ] GC(5) Pause Cleanup 144M->144M(1024M) 0,190ms
[2023-10-30T14:26:29.732-0300][gc,cpu        ] GC(5) User=0,00s Sys=0,00s Real=0,00s
[2023-10-30T14:26:29.732-0300][gc,marking    ] GC(5) Concurrent Cleanup for Next Mark
[2023-10-30T14:26:29.736-0300][gc,marking    ] GC(5) Concurrent Cleanup for Next Mark 3,733ms
[2023-10-30T14:26:29.736-0300][gc            ] GC(5) Concurrent Cycle 17,724ms
[2023-10-30T14:30:10.550-0300][gc,start      ] GC(6) Pause Young (Normal) (G1 Evacuation Pause)
[2023-10-30T14:30:10.550-0300][gc,task       ] GC(6) Using 8 workers of 8 for evacuation
[2023-10-30T14:30:10.557-0300][gc,phases     ] GC(6)   Pre Evacuate Collection Set: 0,0ms
[2023-10-30T14:30:10.557-0300][gc,phases     ] GC(6)   Evacuate Collection Set: 5,5ms
[2023-10-30T14:30:10.557-0300][gc,phases     ] GC(6)   Post Evacuate Collection Set: 1,1ms
[2023-10-30T14:30:10.557-0300][gc,phases     ] GC(6)   Other: 0,4ms
[2023-10-30T14:30:10.557-0300][gc,heap       ] GC(6) Eden regions: 45->0(45)
[2023-10-30T14:30:10.557-0300][gc,heap       ] GC(6) Survivor regions: 6->6(7)
[2023-10-30T14:30:10.558-0300][gc,heap       ] GC(6) Old regions: 10->13
[2023-10-30T14:30:10.558-0300][gc,heap       ] GC(6) Humongous regions: 129->129
[2023-10-30T14:30:10.558-0300][gc,metaspace  ] GC(6) Metaspace: 39770K(42060K)->39770K(42060K) NonClass: 34841K(36096K)->34841K(36096K) Class: 4929K(5964K)->4929K(5964K)
[2023-10-30T14:30:10.558-0300][gc            ] GC(6) Pause Young (Normal) (G1 Evacuation Pause) 188M->145M(1024M) 7,140ms
[2023-10-30T14:30:10.558-0300][gc,cpu        ] GC(6) User=0,04s Sys=0,00s Real=0,00s
[2023-10-30T14:53:49.066-0300][gc,start      ] GC(7) Pause Young (Normal) (G1 Evacuation Pause)
[2023-10-30T14:53:49.066-0300][gc,task       ] GC(7) Using 8 workers of 8 for evacuation
[2023-10-30T14:53:49.071-0300][gc,phases     ] GC(7)   Pre Evacuate Collection Set: 0,0ms
[2023-10-30T14:53:49.071-0300][gc,phases     ] GC(7)   Evacuate Collection Set: 3,6ms
[2023-10-30T14:53:49.071-0300][gc,phases     ] GC(7)   Post Evacuate Collection Set: 0,9ms
[2023-10-30T14:53:49.071-0300][gc,phases     ] GC(7)   Other: 0,4ms
[2023-10-30T14:53:49.071-0300][gc,heap       ] GC(7) Eden regions: 45->0(47)
[2023-10-30T14:53:49.071-0300][gc,heap       ] GC(7) Survivor regions: 6->4(7)
[2023-10-30T14:53:49.071-0300][gc,heap       ] GC(7) Old regions: 13->16
[2023-10-30T14:53:49.071-0300][gc,heap       ] GC(7) Humongous regions: 129->129
[2023-10-30T14:53:49.071-0300][gc,metaspace  ] GC(7) Metaspace: 42081K(44876K)->42081K(44876K) NonClass: 36658K(38144K)->36658K(38144K) Class: 5423K(6732K)->5423K(6732K)
[2023-10-30T14:53:49.071-0300][gc            ] GC(7) Pause Young (Normal) (G1 Evacuation Pause) 190M->146M(1024M) 5,080ms
[2023-10-30T14:53:49.071-0300][gc,cpu        ] GC(7) User=0,03s Sys=0,01s Real=0,01s
[2023-10-30T15:18:10.549-0300][gc,start      ] GC(8) Pause Young (Normal) (G1 Evacuation Pause)
[2023-10-30T15:18:10.550-0300][gc,task       ] GC(8) Using 8 workers of 8 for evacuation
[2023-10-30T15:18:10.555-0300][gc,phases     ] GC(8)   Pre Evacuate Collection Set: 0,0ms
[2023-10-30T15:18:10.555-0300][gc,phases     ] GC(8)   Evacuate Collection Set: 3,4ms
[2023-10-30T15:18:10.555-0300][gc,phases     ] GC(8)   Post Evacuate Collection Set: 1,5ms
[2023-10-30T15:18:10.555-0300][gc,phases     ] GC(8)   Other: 0,3ms
[2023-10-30T15:18:10.555-0300][gc,heap       ] GC(8) Eden regions: 47->0(46)
[2023-10-30T15:18:10.555-0300][gc,heap       ] GC(8) Survivor regions: 4->5(7)
[2023-10-30T15:18:10.555-0300][gc,heap       ] GC(8) Old regions: 16->16
[2023-10-30T15:18:10.555-0300][gc,heap       ] GC(8) Humongous regions: 129->129
[2023-10-30T15:18:10.555-0300][gc,metaspace  ] GC(8) Metaspace: 43971K(46924K)->43971K(46924K) NonClass: 38368K(39936K)->38368K(39936K) Class: 5602K(6988K)->5602K(6988K)
[2023-10-30T15:18:10.555-0300][gc            ] GC(8) Pause Young (Normal) (G1 Evacuation Pause) 193M->147M(1024M) 5,348ms
[2023-10-30T15:18:10.555-0300][gc,cpu        ] GC(8) User=0,02s Sys=0,00s Real=0,01s
[2023-10-30T15:43:58.995-0300][gc,start      ] GC(9) Pause Young (Normal) (G1 Evacuation Pause)
[2023-10-30T15:43:58.995-0300][gc,task       ] GC(9) Using 8 workers of 8 for evacuation
[2023-10-30T15:43:59.001-0300][gc,phases     ] GC(9)   Pre Evacuate Collection Set: 0,0ms
[2023-10-30T15:43:59.001-0300][gc,phases     ] GC(9)   Evacuate Collection Set: 4,7ms
[2023-10-30T15:43:59.001-0300][gc,phases     ] GC(9)   Post Evacuate Collection Set: 1,2ms
[2023-10-30T15:43:59.001-0300][gc,phases     ] GC(9)   Other: 0,2ms
[2023-10-30T15:43:59.001-0300][gc,heap       ] GC(9) Eden regions: 46->0(53)
[2023-10-30T15:43:59.002-0300][gc,heap       ] GC(9) Survivor regions: 5->3(7)
[2023-10-30T15:43:59.002-0300][gc,heap       ] GC(9) Old regions: 16->18
[2023-10-30T15:43:59.002-0300][gc,heap       ] GC(9) Humongous regions: 129->129
[2023-10-30T15:43:59.002-0300][gc,metaspace  ] GC(9) Metaspace: 45580K(48972K)->45580K(48972K) NonClass: 39496K(41216K)->39496K(41216K) Class: 6083K(7756K)->6083K(7756K)
[2023-10-30T15:43:59.002-0300][gc            ] GC(9) Pause Young (Normal) (G1 Evacuation Pause) 193M->147M(1024M) 6,389ms
[2023-10-30T15:43:59.002-0300][gc,cpu        ] GC(9) User=0,03s Sys=0,01s Real=0,01s
[2023-10-30T16:18:56.615-0300][gc,start      ] GC(10) Pause Young (Normal) (G1 Evacuation Pause)
[2023-10-30T16:18:56.623-0300][gc,task       ] GC(10) Using 8 workers of 8 for evacuation
[2023-10-30T16:18:56.628-0300][gc,phases     ] GC(10)   Pre Evacuate Collection Set: 0,2ms
[2023-10-30T16:18:56.628-0300][gc,phases     ] GC(10)   Evacuate Collection Set: 3,4ms
[2023-10-30T16:18:56.628-0300][gc,phases     ] GC(10)   Post Evacuate Collection Set: 1,0ms
[2023-10-30T16:18:56.628-0300][gc,phases     ] GC(10)   Other: 8,4ms
[2023-10-30T16:18:56.628-0300][gc,heap       ] GC(10) Eden regions: 53->0(56)
[2023-10-30T16:18:56.628-0300][gc,heap       ] GC(10) Survivor regions: 3->4(7)
[2023-10-30T16:18:56.628-0300][gc,heap       ] GC(10) Old regions: 18->18
[2023-10-30T16:18:56.628-0300][gc,heap       ] GC(10) Humongous regions: 129->129
[2023-10-30T16:18:56.628-0300][gc,metaspace  ] GC(10) Metaspace: 45757K(49228K)->45757K(49228K) NonClass: 39673K(41472K)->39673K(41472K) Class: 6083K(7756K)->6083K(7756K)
[2023-10-30T16:18:56.628-0300][gc            ] GC(10) Pause Young (Normal) (G1 Evacuation Pause) 200M->148M(1024M) 12,989ms
[2023-10-30T16:18:56.628-0300][gc,cpu        ] GC(10) User=0,03s Sys=0,00s Real=0,01s
[2023-10-30T16:48:39.009-0300][gc,start      ] GC(11) Pause Young (Normal) (G1 Evacuation Pause)
[2023-10-30T16:48:39.009-0300][gc,task       ] GC(11) Using 8 workers of 8 for evacuation
[2023-10-30T16:48:39.018-0300][gc,phases     ] GC(11)   Pre Evacuate Collection Set: 0,0ms
[2023-10-30T16:48:39.018-0300][gc,phases     ] GC(11)   Evacuate Collection Set: 4,2ms
[2023-10-30T16:48:39.018-0300][gc,phases     ] GC(11)   Post Evacuate Collection Set: 4,1ms
[2023-10-30T16:48:39.018-0300][gc,phases     ] GC(11)   Other: 1,0ms
[2023-10-30T16:48:39.018-0300][gc,heap       ] GC(11) Eden regions: 56->0(226)
[2023-10-30T16:48:39.018-0300][gc,heap       ] GC(11) Survivor regions: 4->4(8)
[2023-10-30T16:48:39.018-0300][gc,heap       ] GC(11) Old regions: 18->18
[2023-10-30T16:48:39.018-0300][gc,heap       ] GC(11) Humongous regions: 129->129
[2023-10-30T16:48:39.018-0300][gc,metaspace  ] GC(11) Metaspace: 45875K(49228K)->45875K(49228K) NonClass: 39786K(41472K)->39786K(41472K) Class: 6089K(7756K)->6089K(7756K)
[2023-10-30T16:48:39.018-0300][gc            ] GC(11) Pause Young (Normal) (G1 Evacuation Pause) 204M->148M(1024M) 9,452ms
[2023-10-30T16:48:39.018-0300][gc,cpu        ] GC(11) User=0,04s Sys=0,00s Real=0,02s
[2023-10-30T19:38:00.550-0300][gc,start      ] GC(12) Pause Young (Normal) (G1 Evacuation Pause)
[2023-10-30T19:38:00.550-0300][gc,task       ] GC(12) Using 8 workers of 8 for evacuation
[2023-10-30T19:38:00.557-0300][gc,phases     ] GC(12)   Pre Evacuate Collection Set: 0,0ms
[2023-10-30T19:38:00.557-0300][gc,phases     ] GC(12)   Evacuate Collection Set: 5,0ms
[2023-10-30T19:38:00.557-0300][gc,phases     ] GC(12)   Post Evacuate Collection Set: 1,7ms
[2023-10-30T19:38:00.557-0300][gc,phases     ] GC(12)   Other: 0,5ms
[2023-10-30T19:38:00.557-0300][gc,heap       ] GC(12) Eden regions: 226->0(251)
[2023-10-30T19:38:00.557-0300][gc,heap       ] GC(12) Survivor regions: 4->4(29)
[2023-10-30T19:38:00.557-0300][gc,heap       ] GC(12) Old regions: 18->18
[2023-10-30T19:38:00.557-0300][gc,heap       ] GC(12) Humongous regions: 129->129
[2023-10-30T19:38:00.557-0300][gc,metaspace  ] GC(12) Metaspace: 45965K(49484K)->45965K(49484K) NonClass: 39876K(41728K)->39876K(41728K) Class: 6089K(7756K)->6089K(7756K)
[2023-10-30T19:38:00.557-0300][gc            ] GC(12) Pause Young (Normal) (G1 Evacuation Pause) 374M->148M(1024M) 7,395ms
[2023-10-30T19:38:00.557-0300][gc,cpu        ] GC(12) User=0,02s Sys=0,02s Real=0,00s
