[2023-10-28T17:35:48.833-0300][gc,heap] Heap region size: 1M
[2023-10-28T17:35:48.839-0300][gc     ] Using G1
[2023-10-28T17:35:48.839-0300][gc,heap,coops] Heap address: 0x00000000c0000000, size: 1024 MB, Compressed Oops mode: 32-bit
[2023-10-28T17:35:48.839-0300][gc,cds       ] Mark closed archive regions in map: [0x00000000fff00000, 0x00000000fff6aff8]
[2023-10-28T17:35:48.839-0300][gc,cds       ] Mark open archive regions in map: [0x00000000ffe00000, 0x00000000ffe46ff8]
[2023-10-28T17:35:49.583-0300][gc,start     ] GC(0) Pause Young (Normal) (G1 Evacuation Pause)
[2023-10-28T17:35:49.583-0300][gc,task      ] GC(0) Using 8 workers of 8 for evacuation
[2023-10-28T17:35:49.590-0300][gc,phases    ] GC(0)   Pre Evacuate Collection Set: 0,0ms
[2023-10-28T17:35:49.590-0300][gc,phases    ] GC(0)   Evacuate Collection Set: 5,4ms
[2023-10-28T17:35:49.590-0300][gc,phases    ] GC(0)   Post Evacuate Collection Set: 0,6ms
[2023-10-28T17:35:49.590-0300][gc,phases    ] GC(0)   Other: 0,8ms
[2023-10-28T17:35:49.590-0300][gc,heap      ] GC(0) Eden regions: 51->0(44)
[2023-10-28T17:35:49.590-0300][gc,heap      ] GC(0) Survivor regions: 0->7(7)
[2023-10-28T17:35:49.590-0300][gc,heap      ] GC(0) Old regions: 2->3
[2023-10-28T17:35:49.590-0300][gc,heap      ] GC(0) Humongous regions: 0->0
[2023-10-28T17:35:49.590-0300][gc,metaspace ] GC(0) Metaspace: 14130K(14848K)->14130K(14848K) NonClass: 12399K(12800K)->12399K(12800K) Class: 1731K(2048K)->1731K(2048K)
[2023-10-28T17:35:49.590-0300][gc           ] GC(0) Pause Young (Normal) (G1 Evacuation Pause) 51M->7M(1024M) 6,875ms
[2023-10-28T17:35:49.590-0300][gc,cpu       ] GC(0) User=0,01s Sys=0,03s Real=0,01s
[2023-10-28T17:35:49.992-0300][gc,start     ] GC(1) Pause Young (Concurrent Start) (Metadata GC Threshold)
[2023-10-28T17:35:49.992-0300][gc,task      ] GC(1) Using 8 workers of 8 for evacuation
[2023-10-28T17:35:49.999-0300][gc,phases    ] GC(1)   Pre Evacuate Collection Set: 0,1ms
[2023-10-28T17:35:49.999-0300][gc,phases    ] GC(1)   Evacuate Collection Set: 6,1ms
[2023-10-28T17:35:49.999-0300][gc,phases    ] GC(1)   Post Evacuate Collection Set: 0,5ms
[2023-10-28T17:35:49.999-0300][gc,phases    ] GC(1)   Other: 0,2ms
[2023-10-28T17:35:49.999-0300][gc,heap      ] GC(1) Eden regions: 32->0(49)
[2023-10-28T17:35:49.999-0300][gc,heap      ] GC(1) Survivor regions: 7->2(7)
[2023-10-28T17:35:49.999-0300][gc,heap      ] GC(1) Old regions: 3->9
[2023-10-28T17:35:49.999-0300][gc,heap      ] GC(1) Humongous regions: 0->0
[2023-10-28T17:35:49.999-0300][gc,metaspace ] GC(1) Metaspace: 20644K(21296K)->20644K(21296K) NonClass: 18136K(18480K)->18136K(18480K) Class: 2507K(2816K)->2507K(2816K)
[2023-10-28T17:35:49.999-0300][gc           ] GC(1) Pause Young (Concurrent Start) (Metadata GC Threshold) 39M->8M(1024M) 6,962ms
[2023-10-28T17:35:49.999-0300][gc,cpu       ] GC(1) User=0,03s Sys=0,00s Real=0,01s
[2023-10-28T17:35:49.999-0300][gc           ] GC(2) Concurrent Cycle
[2023-10-28T17:35:49.999-0300][gc,marking   ] GC(2) Concurrent Clear Claimed Marks
[2023-10-28T17:35:49.999-0300][gc,marking   ] GC(2) Concurrent Clear Claimed Marks 0,061ms
[2023-10-28T17:35:49.999-0300][gc,marking   ] GC(2) Concurrent Scan Root Regions
[2023-10-28T17:35:50.000-0300][gc,marking   ] GC(2) Concurrent Scan Root Regions 0,839ms
[2023-10-28T17:35:50.000-0300][gc,marking   ] GC(2) Concurrent Mark (1,170s)
[2023-10-28T17:35:50.000-0300][gc,marking   ] GC(2) Concurrent Mark From Roots
[2023-10-28T17:35:50.000-0300][gc,task      ] GC(2) Using 2 workers of 2 for marking
[2023-10-28T17:35:50.003-0300][gc,marking   ] GC(2) Concurrent Mark From Roots 3,444ms
[2023-10-28T17:35:50.003-0300][gc,marking   ] GC(2) Concurrent Preclean
[2023-10-28T17:35:50.003-0300][gc,marking   ] GC(2) Concurrent Preclean 0,090ms
[2023-10-28T17:35:50.003-0300][gc,marking   ] GC(2) Concurrent Mark (1,170s, 1,174s) 3,585ms
[2023-10-28T17:35:50.004-0300][gc,start     ] GC(2) Pause Remark
[2023-10-28T17:35:50.005-0300][gc,stringtable] GC(2) Cleaned string and symbol table, strings: 5215 processed, 0 removed, symbols: 53939 processed, 45 removed
[2023-10-28T17:35:50.006-0300][gc            ] GC(2) Pause Remark 9M->9M(1024M) 2,102ms
[2023-10-28T17:35:50.006-0300][gc,cpu        ] GC(2) User=0,01s Sys=0,00s Real=0,01s
[2023-10-28T17:35:50.006-0300][gc,marking    ] GC(2) Concurrent Rebuild Remembered Sets
[2023-10-28T17:35:50.007-0300][gc,marking    ] GC(2) Concurrent Rebuild Remembered Sets 1,728ms
[2023-10-28T17:35:50.008-0300][gc,start      ] GC(2) Pause Cleanup
[2023-10-28T17:35:50.008-0300][gc            ] GC(2) Pause Cleanup 9M->9M(1024M) 0,173ms
[2023-10-28T17:35:50.008-0300][gc,cpu        ] GC(2) User=0,00s Sys=0,00s Real=0,00s
[2023-10-28T17:35:50.008-0300][gc,marking    ] GC(2) Concurrent Cleanup for Next Mark
[2023-10-28T17:35:50.011-0300][gc,marking    ] GC(2) Concurrent Cleanup for Next Mark 2,689ms
[2023-10-28T17:35:50.011-0300][gc            ] GC(2) Concurrent Cycle 11,724ms
[2023-10-28T17:35:50.547-0300][gc,start      ] GC(3) Pause Young (Normal) (G1 Evacuation Pause)
[2023-10-28T17:35:50.547-0300][gc,task       ] GC(3) Using 8 workers of 8 for evacuation
[2023-10-28T17:35:50.551-0300][gc,phases     ] GC(3)   Pre Evacuate Collection Set: 0,0ms
[2023-10-28T17:35:50.551-0300][gc,phases     ] GC(3)   Evacuate Collection Set: 3,4ms
[2023-10-28T17:35:50.551-0300][gc,phases     ] GC(3)   Post Evacuate Collection Set: 0,6ms
[2023-10-28T17:35:50.551-0300][gc,phases     ] GC(3)   Other: 0,2ms
[2023-10-28T17:35:50.551-0300][gc,heap       ] GC(3) Eden regions: 49->0(46)
[2023-10-28T17:35:50.551-0300][gc,heap       ] GC(3) Survivor regions: 2->5(7)
[2023-10-28T17:35:50.551-0300][gc,heap       ] GC(3) Old regions: 9->9
[2023-10-28T17:35:50.551-0300][gc,heap       ] GC(3) Humongous regions: 129->129
[2023-10-28T17:35:50.551-0300][gc,metaspace  ] GC(3) Metaspace: 28646K(29952K)->28646K(29952K) NonClass: 25328K(26112K)->25328K(26112K) Class: 3317K(3840K)->3317K(3840K)
[2023-10-28T17:35:50.551-0300][gc            ] GC(3) Pause Young (Normal) (G1 Evacuation Pause) 186M->141M(1024M) 4,343ms
[2023-10-28T17:35:50.551-0300][gc,cpu        ] GC(3) User=0,02s Sys=0,01s Real=0,00s
[2023-10-28T17:35:50.831-0300][gc,start      ] GC(4) Pause Young (Concurrent Start) (Metadata GC Threshold)
[2023-10-28T17:35:50.831-0300][gc,task       ] GC(4) Using 8 workers of 8 for evacuation
[2023-10-28T17:35:50.837-0300][gc,phases     ] GC(4)   Pre Evacuate Collection Set: 0,1ms
[2023-10-28T17:35:50.837-0300][gc,phases     ] GC(4)   Evacuate Collection Set: 5,3ms
[2023-10-28T17:35:50.837-0300][gc,phases     ] GC(4)   Post Evacuate Collection Set: 0,5ms
[2023-10-28T17:35:50.837-0300][gc,phases     ] GC(4)   Other: 0,2ms
[2023-10-28T17:35:50.837-0300][gc,heap       ] GC(4) Eden regions: 33->0(48)
[2023-10-28T17:35:50.837-0300][gc,heap       ] GC(4) Survivor regions: 5->3(7)
[2023-10-28T17:35:50.837-0300][gc,heap       ] GC(4) Old regions: 9->14
[2023-10-28T17:35:50.837-0300][gc,heap       ] GC(4) Humongous regions: 129->129
[2023-10-28T17:35:50.837-0300][gc,metaspace  ] GC(4) Metaspace: 34569K(35920K)->34569K(35920K) NonClass: 30520K(31232K)->30520K(31232K) Class: 4048K(4688K)->4048K(4688K)
[2023-10-28T17:35:50.837-0300][gc            ] GC(4) Pause Young (Concurrent Start) (Metadata GC Threshold) 173M->143M(1024M) 6,289ms
[2023-10-28T17:35:50.837-0300][gc,cpu        ] GC(4) User=0,03s Sys=0,00s Real=0,01s
[2023-10-28T17:35:50.837-0300][gc            ] GC(5) Concurrent Cycle
[2023-10-28T17:35:50.837-0300][gc,marking    ] GC(5) Concurrent Clear Claimed Marks
[2023-10-28T17:35:50.837-0300][gc,marking    ] GC(5) Concurrent Clear Claimed Marks 0,139ms
[2023-10-28T17:35:50.837-0300][gc,marking    ] GC(5) Concurrent Scan Root Regions
[2023-10-28T17:35:50.838-0300][gc,marking    ] GC(5) Concurrent Scan Root Regions 1,050ms
[2023-10-28T17:35:50.839-0300][gc,marking    ] GC(5) Concurrent Mark (2,009s)
[2023-10-28T17:35:50.839-0300][gc,marking    ] GC(5) Concurrent Mark From Roots
[2023-10-28T17:35:50.839-0300][gc,task       ] GC(5) Using 2 workers of 2 for marking
[2023-10-28T17:35:50.847-0300][gc,marking    ] GC(5) Concurrent Mark From Roots 8,452ms
[2023-10-28T17:35:50.847-0300][gc,marking    ] GC(5) Concurrent Preclean
[2023-10-28T17:35:50.847-0300][gc,marking    ] GC(5) Concurrent Preclean 0,145ms
[2023-10-28T17:35:50.847-0300][gc,marking    ] GC(5) Concurrent Mark (2,009s, 2,017s) 8,661ms
[2023-10-28T17:35:50.847-0300][gc,start      ] GC(5) Pause Remark
[2023-10-28T17:35:50.850-0300][gc,stringtable] GC(5) Cleaned string and symbol table, strings: 10443 processed, 13 removed, symbols: 86294 processed, 14 removed
[2023-10-28T17:35:50.850-0300][gc            ] GC(5) Pause Remark 144M->144M(1024M) 2,968ms
[2023-10-28T17:35:50.850-0300][gc,cpu        ] GC(5) User=0,02s Sys=0,00s Real=0,00s
[2023-10-28T17:35:50.850-0300][gc,marking    ] GC(5) Concurrent Rebuild Remembered Sets
[2023-10-28T17:35:50.855-0300][gc,marking    ] GC(5) Concurrent Rebuild Remembered Sets 4,415ms
[2023-10-28T17:35:50.855-0300][gc,start      ] GC(5) Pause Cleanup
[2023-10-28T17:35:50.855-0300][gc            ] GC(5) Pause Cleanup 145M->145M(1024M) 0,164ms
[2023-10-28T17:35:50.855-0300][gc,cpu        ] GC(5) User=0,00s Sys=0,00s Real=0,00s
[2023-10-28T17:35:50.855-0300][gc,marking    ] GC(5) Concurrent Cleanup for Next Mark
[2023-10-28T17:35:50.858-0300][gc,marking    ] GC(5) Concurrent Cleanup for Next Mark 3,004ms
[2023-10-28T17:35:50.858-0300][gc            ] GC(5) Concurrent Cycle 21,185ms
[2023-10-28T17:42:04.370-0300][gc,start      ] GC(6) Pause Young (Normal) (G1 Evacuation Pause)
[2023-10-28T17:42:04.370-0300][gc,task       ] GC(6) Using 8 workers of 8 for evacuation
[2023-10-28T17:42:04.375-0300][gc,phases     ] GC(6)   Pre Evacuate Collection Set: 0,1ms
[2023-10-28T17:42:04.375-0300][gc,phases     ] GC(6)   Evacuate Collection Set: 3,0ms
[2023-10-28T17:42:04.375-0300][gc,phases     ] GC(6)   Post Evacuate Collection Set: 1,0ms
[2023-10-28T17:42:04.375-0300][gc,phases     ] GC(6)   Other: 0,2ms
[2023-10-28T17:42:04.375-0300][gc,heap       ] GC(6) Eden regions: 48->0(46)
[2023-10-28T17:42:04.375-0300][gc,heap       ] GC(6) Survivor regions: 3->5(7)
[2023-10-28T17:42:04.375-0300][gc,heap       ] GC(6) Old regions: 14->14
[2023-10-28T17:42:04.375-0300][gc,heap       ] GC(6) Humongous regions: 129->129
[2023-10-28T17:42:04.375-0300][gc,metaspace  ] GC(6) Metaspace: 41598K(44316K)->41598K(44316K) NonClass: 36061K(37376K)->36061K(37376K) Class: 5536K(6940K)->5536K(6940K)
[2023-10-28T17:42:04.375-0300][gc            ] GC(6) Pause Young (Normal) (G1 Evacuation Pause) 191M->145M(1024M) 4,461ms
[2023-10-28T17:42:04.375-0300][gc,cpu        ] GC(6) User=0,02s Sys=0,00s Real=0,01s
[2023-10-28T17:51:05.574-0300][gc,start      ] GC(7) Pause Young (Normal) (G1 Evacuation Pause)
[2023-10-28T17:51:05.574-0300][gc,task       ] GC(7) Using 8 workers of 8 for evacuation
[2023-10-28T17:51:05.579-0300][gc,phases     ] GC(7)   Pre Evacuate Collection Set: 0,0ms
[2023-10-28T17:51:05.579-0300][gc,phases     ] GC(7)   Evacuate Collection Set: 4,4ms
[2023-10-28T17:51:05.579-0300][gc,phases     ] GC(7)   Post Evacuate Collection Set: 0,8ms
[2023-10-28T17:51:05.579-0300][gc,phases     ] GC(7)   Other: 0,3ms
[2023-10-28T17:51:05.579-0300][gc,heap       ] GC(7) Eden regions: 46->0(46)
[2023-10-28T17:51:05.579-0300][gc,heap       ] GC(7) Survivor regions: 5->5(7)
[2023-10-28T17:51:05.579-0300][gc,heap       ] GC(7) Old regions: 14->16
[2023-10-28T17:51:05.579-0300][gc,heap       ] GC(7) Humongous regions: 129->129
[2023-10-28T17:51:05.579-0300][gc,metaspace  ] GC(7) Metaspace: 44725K(48028K)->44725K(48028K) NonClass: 38756K(40448K)->38756K(40448K) Class: 5969K(7580K)->5969K(7580K)
[2023-10-28T17:51:05.579-0300][gc            ] GC(7) Pause Young (Normal) (G1 Evacuation Pause) 191M->147M(1024M) 5,592ms
[2023-10-28T17:51:05.579-0300][gc,cpu        ] GC(7) User=0,04s Sys=0,00s Real=0,00s
[2023-10-28T18:15:38.679-0300][gc,start      ] GC(8) Pause Young (Normal) (G1 Evacuation Pause)
[2023-10-28T18:15:38.680-0300][gc,task       ] GC(8) Using 8 workers of 8 for evacuation
[2023-10-28T18:15:38.685-0300][gc,phases     ] GC(8)   Pre Evacuate Collection Set: 0,1ms
[2023-10-28T18:15:38.685-0300][gc,phases     ] GC(8)   Evacuate Collection Set: 4,3ms
[2023-10-28T18:15:38.685-0300][gc,phases     ] GC(8)   Post Evacuate Collection Set: 0,8ms
[2023-10-28T18:15:38.686-0300][gc,phases     ] GC(8)   Other: 8,6ms
[2023-10-28T18:15:38.686-0300][gc,heap       ] GC(8) Eden regions: 46->0(47)
[2023-10-28T18:15:38.686-0300][gc,heap       ] GC(8) Survivor regions: 5->4(7)
[2023-10-28T18:15:38.686-0300][gc,heap       ] GC(8) Old regions: 16->18
[2023-10-28T18:15:38.686-0300][gc,heap       ] GC(8) Humongous regions: 129->129
[2023-10-28T18:15:38.686-0300][gc,metaspace  ] GC(8) Metaspace: 44928K(48284K)->44928K(48284K) NonClass: 38958K(40704K)->38958K(40704K) Class: 5970K(7580K)->5970K(7580K)
[2023-10-28T18:15:38.686-0300][gc            ] GC(8) Pause Young (Normal) (G1 Evacuation Pause) 193M->149M(1024M) 6,215ms
[2023-10-28T18:15:38.686-0300][gc,cpu        ] GC(8) User=0,03s Sys=0,00s Real=0,01s
[2023-10-28T18:52:43.671-0300][gc,start      ] GC(9) Pause Young (Normal) (G1 Evacuation Pause)
[2023-10-28T18:52:43.671-0300][gc,task       ] GC(9) Using 8 workers of 8 for evacuation
[2023-10-28T18:52:43.677-0300][gc,phases     ] GC(9)   Pre Evacuate Collection Set: 0,0ms
[2023-10-28T18:52:43.677-0300][gc,phases     ] GC(9)   Evacuate Collection Set: 3,6ms
[2023-10-28T18:52:43.677-0300][gc,phases     ] GC(9)   Post Evacuate Collection Set: 1,4ms
[2023-10-28T18:52:43.677-0300][gc,phases     ] GC(9)   Other: 0,3ms
[2023-10-28T18:52:43.677-0300][gc,heap       ] GC(9) Eden regions: 47->0(48)
[2023-10-28T18:52:43.677-0300][gc,heap       ] GC(9) Survivor regions: 4->4(7)
[2023-10-28T18:52:43.677-0300][gc,heap       ] GC(9) Old regions: 18->18
[2023-10-28T18:52:43.677-0300][gc,heap       ] GC(9) Humongous regions: 129->129
[2023-10-28T18:52:43.677-0300][gc,metaspace  ] GC(9) Metaspace: 45122K(48284K)->45122K(48284K) NonClass: 39147K(40704K)->39147K(40704K) Class: 5975K(7580K)->5975K(7580K)
[2023-10-28T18:52:43.685-0300][gc            ] GC(9) Pause Young (Normal) (G1 Evacuation Pause) 196M->149M(1024M) 13,382ms
[2023-10-28T18:52:43.685-0300][gc,cpu        ] GC(9) User=0,03s Sys=0,00s Real=0,01s
[2023-10-28T19:10:10.433-0300][gc,start      ] GC(10) Pause Young (Normal) (G1 Evacuation Pause)
[2023-10-28T19:10:10.433-0300][gc,task       ] GC(10) Using 8 workers of 8 for evacuation
[2023-10-28T19:10:10.438-0300][gc,phases     ] GC(10)   Pre Evacuate Collection Set: 0,0ms
[2023-10-28T19:10:10.438-0300][gc,phases     ] GC(10)   Evacuate Collection Set: 3,5ms
[2023-10-28T19:10:10.438-0300][gc,phases     ] GC(10)   Post Evacuate Collection Set: 1,3ms
[2023-10-28T19:10:10.438-0300][gc,phases     ] GC(10)   Other: 0,3ms
[2023-10-28T19:10:10.438-0300][gc,heap       ] GC(10) Eden regions: 48->0(58)
[2023-10-28T19:10:10.438-0300][gc,heap       ] GC(10) Survivor regions: 4->4(7)
[2023-10-28T19:10:10.438-0300][gc,heap       ] GC(10) Old regions: 18->18
[2023-10-28T19:10:10.438-0300][gc,heap       ] GC(10) Humongous regions: 129->129
[2023-10-28T19:10:10.438-0300][gc,metaspace  ] GC(10) Metaspace: 45209K(48540K)->45209K(48540K) NonClass: 39229K(40960K)->39229K(40960K) Class: 5980K(7580K)->5980K(7580K)
[2023-10-28T19:10:10.438-0300][gc            ] GC(10) Pause Young (Normal) (G1 Evacuation Pause) 197M->148M(1024M) 5,278ms
[2023-10-28T19:10:10.438-0300][gc,cpu        ] GC(10) User=0,02s Sys=0,01s Real=0,00s
[2023-10-28T19:28:53.675-0300][gc,start      ] GC(11) Pause Young (Normal) (G1 Evacuation Pause)
[2023-10-28T19:28:53.675-0300][gc,task       ] GC(11) Using 8 workers of 8 for evacuation
[2023-10-28T19:28:53.690-0300][gc,phases     ] GC(11)   Pre Evacuate Collection Set: 0,0ms
[2023-10-28T19:28:53.690-0300][gc,phases     ] GC(11)   Evacuate Collection Set: 6,7ms
[2023-10-28T19:28:53.690-0300][gc,phases     ] GC(11)   Post Evacuate Collection Set: 1,8ms
[2023-10-28T19:28:53.690-0300][gc,phases     ] GC(11)   Other: 6,3ms
[2023-10-28T19:28:53.690-0300][gc,heap       ] GC(11) Eden regions: 58->0(115)
[2023-10-28T19:28:53.690-0300][gc,heap       ] GC(11) Survivor regions: 4->4(8)
[2023-10-28T19:28:53.690-0300][gc,heap       ] GC(11) Old regions: 18->18
[2023-10-28T19:28:53.690-0300][gc,heap       ] GC(11) Humongous regions: 129->129
[2023-10-28T19:28:53.690-0300][gc,metaspace  ] GC(11) Metaspace: 45232K(48540K)->45232K(48540K) NonClass: 39252K(40960K)->39252K(40960K) Class: 5980K(7580K)->5980K(7580K)
[2023-10-28T19:28:53.690-0300][gc            ] GC(11) Pause Young (Normal) (G1 Evacuation Pause) 206M->148M(1024M) 14,964ms
[2023-10-28T19:28:53.690-0300][gc,cpu        ] GC(11) User=0,03s Sys=0,00s Real=0,01s
[2023-10-28T20:06:46.104-0300][gc,start      ] GC(12) Pause Young (Normal) (G1 Evacuation Pause)
[2023-10-28T20:06:46.104-0300][gc,task       ] GC(12) Using 8 workers of 8 for evacuation
[2023-10-28T20:06:46.111-0300][gc,phases     ] GC(12)   Pre Evacuate Collection Set: 0,0ms
[2023-10-28T20:06:46.111-0300][gc,phases     ] GC(12)   Evacuate Collection Set: 3,7ms
[2023-10-28T20:06:46.112-0300][gc,phases     ] GC(12)   Post Evacuate Collection Set: 3,5ms
[2023-10-28T20:06:46.112-0300][gc,phases     ] GC(12)   Other: 8,9ms
[2023-10-28T20:06:46.112-0300][gc,heap       ] GC(12) Eden regions: 115->0(141)
[2023-10-28T20:06:46.112-0300][gc,heap       ] GC(12) Survivor regions: 4->5(15)
[2023-10-28T20:06:46.112-0300][gc,heap       ] GC(12) Old regions: 18->18
[2023-10-28T20:06:46.112-0300][gc,heap       ] GC(12) Humongous regions: 129->129
[2023-10-28T20:06:46.112-0300][gc,metaspace  ] GC(12) Metaspace: 45267K(48540K)->45267K(48540K) NonClass: 39287K(40960K)->39287K(40960K) Class: 5980K(7580K)->5980K(7580K)
[2023-10-28T20:06:46.112-0300][gc            ] GC(12) Pause Young (Normal) (G1 Evacuation Pause) 263M->149M(1024M) 7,935ms
[2023-10-28T20:06:46.112-0300][gc,cpu        ] GC(12) User=0,03s Sys=0,01s Real=0,01s
[2023-10-28T21:08:23.671-0300][gc,start      ] GC(13) Pause Young (Normal) (G1 Evacuation Pause)
[2023-10-28T21:08:23.672-0300][gc,task       ] GC(13) Using 8 workers of 8 for evacuation
[2023-10-28T21:08:23.678-0300][gc,phases     ] GC(13)   Pre Evacuate Collection Set: 0,1ms
[2023-10-28T21:08:23.678-0300][gc,phases     ] GC(13)   Evacuate Collection Set: 3,7ms
[2023-10-28T21:08:23.678-0300][gc,phases     ] GC(13)   Post Evacuate Collection Set: 2,0ms
[2023-10-28T21:08:23.678-0300][gc,phases     ] GC(13)   Other: 0,5ms
[2023-10-28T21:08:23.678-0300][gc,heap       ] GC(13) Eden regions: 141->0(609)
[2023-10-28T21:08:23.678-0300][gc,heap       ] GC(13) Survivor regions: 5->5(19)
[2023-10-28T21:08:23.678-0300][gc,heap       ] GC(13) Old regions: 18->18
[2023-10-28T21:08:23.678-0300][gc,heap       ] GC(13) Humongous regions: 129->129
[2023-10-28T21:08:23.678-0300][gc,metaspace  ] GC(13) Metaspace: 45611K(48924K)->45611K(48924K) NonClass: 39554K(41216K)->39554K(41216K) Class: 6056K(7708K)->6056K(7708K)
[2023-10-28T21:08:23.678-0300][gc            ] GC(13) Pause Young (Normal) (G1 Evacuation Pause) 290M->149M(1024M) 6,409ms
[2023-10-28T21:08:23.678-0300][gc,cpu        ] GC(13) User=0,02s Sys=0,01s Real=0,01s
[2023-10-30T13:22:47.734-0300][gc,heap,exit  ] Heap
[2023-10-30T13:22:47.734-0300][gc,heap,exit  ]  garbage-first heap   total 1048576K, used 520981K [0x00000000c0000000, 0x0000000100000000)
[2023-10-30T13:22:47.734-0300][gc,heap,exit  ]   region size 1024K, 366 young (374784K), 5 survivors (5120K)
[2023-10-30T13:22:47.734-0300][gc,heap,exit  ]  Metaspace       used 46387K, capacity 49732K, committed 49948K, reserved 1091584K
[2023-10-30T13:22:47.734-0300][gc,heap,exit  ]   class space    used 6264K, capacity 7909K, committed 7964K, reserved 1048576K
